
> server@0.0.1 build
> nest build

node.exe : [96msrc/a
uth/jwt.strategy.ts[
0m:[93m9[0m:[93m15
[0m - 
[91merror[0m[90m 
TS2345: [0mArgument 
of type '[{ 
jwtFromRequest: JwtFr
omRequestFunction<any
>; ignoreExpiration: 
false; secretOrKey: 
string | undefined; 
}]' is not 
assignable to 
parameter of type 
'[opt: StrategyOption
sWithRequest] | 
[opt: StrategyOptions
WithoutRequest]'.
At C:\nvm4w\nodejs\np
m.ps1:29 char:3
+   & $NODE_EXE 
$NPM_CLI_JS $args
+   ~~~~~~~~~~~~~~~~~
~~~~~~~~~~~~
    + CategoryInfo   
           : NotSpe  
  cified: ([96msr   
 c/auth/j...thout    
Request]'.:Strin    
g) [], RemoteExc    
eption
    + FullyQualified 
   ErrorId : Native  
  CommandError
 
  Type '[{ 
jwtFromRequest: JwtFr
omRequestFunction<any
>; ignoreExpiration: 
false; secretOrKey: 
string | undefined; 
}]' is not 
assignable to type 
'[opt: StrategyOption
sWithoutRequest]'.
    Type '{ 
jwtFromRequest: JwtFr
omRequestFunction<any
>; ignoreExpiration: 
false; secretOrKey: 
string | undefined; 
}' is not assignable 
to type 'StrategyOpti
onsWithoutRequest'.
      Type '{ 
jwtFromRequest: JwtFr
omRequestFunction<any
>; ignoreExpiration: 
false; secretOrKey: 
string | undefined; 
}' is not assignable 
to type 'Omit<WithSec
retOrKey, "secretOrKe
yProvider"> & { 
passReqToCallback?: 
false | undefined; 
}'.
        Type '{ 
jwtFromRequest: JwtFr
omRequestFunction<any
>; ignoreExpiration: 
false; secretOrKey: 
string | undefined; 
}' is not assignable 
to type 'Omit<WithSec
retOrKey, "secretOrKe
yProvider">'.
          Types of 
property 
'secretOrKey' are 
incompatible.
            Type 
'string | undefined' 
is not assignable to 
type 'string | Buffer
<ArrayBufferLike>'.
              Type 
'undefined' is not 
assignable to type 
'string | Buffer<Arra
yBufferLike>'.

[7m  9[0m         
super({
[7m   [0m [91m    
          ~[0m
[7m 10[0m          
   jwtFromRequest: Ex
tractJwt.fromAuthHead
erAsBearerToken(),
[7m   [0m [91m~~~~
~~~~~~~~~~~~~~~~~~~~~
~~~~~~~~~~~~~~~~~~~~~
~~~~~~~~~~~~~~~~~~~~~
~~[0m
[7m...[0m 
[7m 12[0m          
   secretOrKey: confi
gService.get<string>(
'JWT_SECRET'),
[7m   [0m [91m~~~~
~~~~~~~~~~~~~~~~~~~~~
~~~~~~~~~~~~~~~~~~~~~
~~~~~~~~~~~~~~~~~~~[
0m
[7m 13[0m         
});
[7m   [0m 
[91m~~~~~~~~~[0m
[96msrc/auth/permiss
ions.guard.ts[0m:[9
3m22[0m:[93m48[0m 
- 
[91merror[0m[90m 
TS7006: 
[0mParameter 'role' 
implicitly has an 
'any' type.

[7m22[0m         
const hasPermission 
= user.roles.some((ro
le) =>
[7m  [0m [91m     
                     
                     
~~~~[0m
[96msrc/auth/permiss
ions.guard.ts[0m:[9
3m23[0m:[93m36[0m 
- 
[91merror[0m[90m 
TS7006: 
[0mParameter 
'permission' 
implicitly has an 
'any' type.

[7m23[0m           
  role.permissions.so
me((permission) => 
permission.action 
=== 
requiredPermission),
[7m  [0m [91m     
                     
         
~~~~~~~~~~[0m
[96msrc/sales/sales.
controller.ts[0m:[9
3m12[0m:[93m30[0m 
- 
[91merror[0m[90m 
TS2554: [0mExpected 
2 arguments, but got 
1.

[7m12[0m     
return this.salesServ
ice.create(createSale
Dto);
[7m  [0m [91m     
                     
   ~~~~~~[0m

  [96msrc/sales/sale
s.service.ts[0m:[93
m16[0m:[93m46[0m
    [7m16[0m   
async create(createSa
leDto: 
CreateSaleDto, 
userId: number) {
    [7m  [0m [96m 
                     
                     
  ~~~~~~~~~~~~~~[0m
    An argument for 
'userId' was not 
provided.
[96msrc/sales/sales.
controller.ts[0m:[9
3m27[0m:[93m30[0m 
- 
[91merror[0m[90m 
TS2339: [0mProperty 
'update' does not 
exist on type 
'SalesService'.

[7m27[0m     
return this.salesServ
ice.update(+id, 
updateSaleDto);
[7m  [0m [91m     
                     
   ~~~~~~[0m
[96msrc/sales/sales.
controller.ts[0m:[9
3m32[0m:[93m30[0m 
- 
[91merror[0m[90m 
TS2339: [0mProperty 
'remove' does not 
exist on type 
'SalesService'.

[7m32[0m     
return this.salesServ
ice.remove(+id);
[7m  [0m [91m     
                     
   ~~~~~~[0m
[96msrc/users/users.
service.ts[0m:[93m2
5[0m:[93m9[0m - 
[91merror[0m[90m 
TS2740: [0mType 
'User[]' is missing 
the following 
properties from type 
'User': id, name, 
username, password, 
and 4 more.

[7m25[0m         
return this.usersRepo
sitory.save(user);
[7m  [0m [91m     
   ~~~~~~[0m

Found 7 error(s).

